---
source: crates/node-maintainer/tests/shim_bin.rs
expression: "std::fs::read_to_string(&to).unwrap().replace('\\r', \"\\\\r\")"
---
#!/bin/sh
basedir = $(dirname "$(echo "$0" | sed -e 's,\\,/,g')")

case `uname` in
    *CYGWIN*|*MINGW*|*MSYS*) basedir=`cygpath -w "$basedir"`;;
esac

exec "$basedir/../from.exe"  "$@"

