---
source: crates/node-maintainer/tests/shim_bin.rs
expression: "std::fs::read_to_string(to.with_extension(\"cmd\")).unwrap().replace('\\r',\n    \"\\\\r\")"
---
@ECHO off\r
GOTO start\r
:find_dp0\r
SET dp0=%~dp0\r
EXIT /b\r
:start\r
SETLOCAL\r
CALL :find_dp0\r
@SET key=value\r
@SET key2=value2\r
\r
IF EXISTS "%dp0%\node.exe" (\r
  SET "_prog=%dp0%\node.exe"\r
) ELSE (\r
  SET "_prog=node"\r
  SET PATHEXT=%PATHEXT:;.JS;=;%\r
)\r
\r
endLocal & goto #_undefined_# 2>NUL || title %COMSPEC% & "%_prog%" --flag-one --flag-two "%dp0%\..\from.env.multiple.variables" %*\r

