---
source: crates/node-maintainer/tests/shim_bin.rs
expression: "std::fs::read_to_string(to.with_extension(\"ps1\")).unwrap().replace('\\r',\n    \"\\\\r\")"
---
#!/usr/bin/env pwsh
$basedir=Split-Path $MyInvocation.MyCommand.Definition -Parent

$exe=""
if ($PSVersionTable.PSVersion -lt "6.0" -or $IsWindows) {
  # Fix case when both the Windows and Linux builds of Node
  # are installed in the same directory
  $exe=".exe"
}
# Support pipeline input
if ($MyInvocation.ExpectingInput) {
  $input | & "$basedir/../from.exe" $args
} else {
  & "$basedir/../from.exe" $args
}
exit $LASTEXITCODE

