---
source: crates/node-maintainer/tests/shim_bin.rs
expression: "std::fs::read_to_string(to.with_extension(\"cmd\")).unwrap().replace('\\r',\n    \"\\\\r\")"
---
@ECHO off\r
GOTO start\r
:find_dp0\r
SET dp0=%~dp0\r
EXIT /b\r
:start\r
SETLOCAL\r
CALL :find_dp0\r
"%dp0%\..\from.exe" %*\r

